[0m20:14:28.639413 [debug] [MainThread]: Sending event: {'category': 'dbt', 'action': 'invocation', 'label': 'start', 'context': [<snowplow_tracker.self_describing_json.SelfDescribingJson object at 0x12028f790>, <snowplow_tracker.self_describing_json.SelfDescribingJson object at 0x1202c6290>, <snowplow_tracker.self_describing_json.SelfDescribingJson object at 0x1202c6950>]}


============================== 20:14:28.642992 | 94782558-3d34-40a6-902e-556c20289240 ==============================
[0m20:14:28.642992 [info ] [MainThread]: Running with dbt=1.8.2
[0m20:14:28.643498 [debug] [MainThread]: running dbt with arguments {'printer_width': '80', 'indirect_selection': 'eager', 'write_json': 'True', 'log_cache_events': 'False', 'partial_parse': 'True', 'cache_selected_only': 'False', 'warn_error': 'None', 'version_check': 'True', 'fail_fast': 'False', 'log_path': 'logs', 'debug': 'False', 'profiles_dir': '/Users/a.ba1bulatov/.dbt', 'use_colors': 'True', 'use_experimental_parser': 'False', 'no_print': 'None', 'quiet': 'False', 'log_format': 'default', 'static_parser': 'True', 'warn_error_options': 'WarnErrorOptions(include=[], exclude=[])', 'invocation_command': 'dbt init air_quality', 'target_path': 'None', 'introspect': 'True', 'send_anonymous_usage_stats': 'True'}
[0m20:14:28.653551 [warn ] [MainThread]: [ConfigFolderDirectory]: Unable to parse logging event dictionary. Failed to parse dir field: expected string or bytes-like object, got 'PosixPath'.. Dictionary: {'dir': PosixPath('/Users/a.ba1bulatov/.dbt')}
[0m20:14:28.654195 [info ] [MainThread]: Creating dbt configuration folder at 
[0m20:14:28.655730 [debug] [MainThread]: Starter project path: /Users/a.ba1bulatov/Desktop/golemio-project/venv/lib/python3.11/site-packages/dbt/include/starter_project
[0m20:14:28.661251 [info ] [MainThread]: 
Your new dbt project "air_quality" was created!

For more information on how to configure the profiles.yml file,
please consult the dbt documentation here:

  https://docs.getdbt.com/docs/configure-your-profile

One more thing:

Need help? Don't hesitate to reach out to us via GitHub issues or on Slack:

  https://community.getdbt.com/

Happy modeling!

[0m20:14:28.661574 [info ] [MainThread]: Setting up your profile.
[0m20:18:08.885004 [info ] [MainThread]: Profile air_quality written to /Users/a.ba1bulatov/.dbt/profiles.yml using target's profile_template.yml and your supplied values. Run 'dbt debug' to validate the connection.
[0m20:18:08.929804 [debug] [MainThread]: Resource report: {"command_name": "init", "command_success": true, "command_wall_clock_time": 220.34357, "process_user_time": 0.979959, "process_kernel_time": 0.229547, "process_mem_max_rss": "102252544", "process_in_blocks": "0", "process_out_blocks": "0"}
[0m20:18:08.931140 [debug] [MainThread]: Command `dbt init` succeeded at 20:18:08.930967 after 220.35 seconds
[0m20:18:08.932123 [debug] [MainThread]: Sending event: {'category': 'dbt', 'action': 'invocation', 'label': 'end', 'context': [<snowplow_tracker.self_describing_json.SelfDescribingJson object at 0x1011c4750>, <snowplow_tracker.self_describing_json.SelfDescribingJson object at 0x1202d2bd0>, <snowplow_tracker.self_describing_json.SelfDescribingJson object at 0x1011c4990>]}
[0m20:18:08.933103 [debug] [MainThread]: Flushing usage events
[0m20:21:57.324199 [debug] [MainThread]: Sending event: {'category': 'dbt', 'action': 'invocation', 'label': 'start', 'context': [<snowplow_tracker.self_describing_json.SelfDescribingJson object at 0x110e3c0d0>, <snowplow_tracker.self_describing_json.SelfDescribingJson object at 0x110ec5dd0>, <snowplow_tracker.self_describing_json.SelfDescribingJson object at 0x110e3c050>]}


============================== 20:21:57.328254 | 6f55c8f0-b720-4c28-8e93-cbc86fdc9e8c ==============================
[0m20:21:57.328254 [info ] [MainThread]: Running with dbt=1.8.2
[0m20:21:57.328761 [debug] [MainThread]: running dbt with arguments {'printer_width': '80', 'indirect_selection': 'eager', 'log_cache_events': 'False', 'write_json': 'True', 'partial_parse': 'True', 'cache_selected_only': 'False', 'warn_error': 'None', 'fail_fast': 'False', 'profiles_dir': '/Users/a.ba1bulatov/Desktop/golemio-project', 'log_path': 'logs', 'debug': 'False', 'version_check': 'True', 'use_colors': 'True', 'use_experimental_parser': 'False', 'no_print': 'None', 'quiet': 'False', 'warn_error_options': 'WarnErrorOptions(include=[], exclude=[])', 'static_parser': 'True', 'introspect': 'True', 'log_format': 'default', 'target_path': 'None', 'invocation_command': 'dbt debug', 'send_anonymous_usage_stats': 'True'}
[0m20:21:57.340082 [info ] [MainThread]: dbt version: 1.8.2
[0m20:21:57.340431 [info ] [MainThread]: python version: 3.11.0
[0m20:21:57.340676 [info ] [MainThread]: python path: /Users/a.ba1bulatov/Desktop/golemio-project/venv/bin/python3.11
[0m20:21:57.340894 [info ] [MainThread]: os info: macOS-26.0.1-arm64-arm-64bit
[0m20:21:57.402211 [info ] [MainThread]: Using profiles dir at /Users/a.ba1bulatov/Desktop/golemio-project
[0m20:21:57.402631 [info ] [MainThread]: Using profiles.yml file at /Users/a.ba1bulatov/Desktop/golemio-project/profiles.yml
[0m20:21:57.402864 [info ] [MainThread]: Using dbt_project.yml file at /Users/a.ba1bulatov/Desktop/golemio-project/dbt_project.yml
[0m20:21:57.403552 [info ] [MainThread]: adapter type: postgres
[0m20:21:57.403783 [info ] [MainThread]: adapter version: 1.8.2
[0m20:21:57.403993 [info ] [MainThread]: Configuration:
[0m20:21:57.404185 [info ] [MainThread]:   profiles.yml file [[32mOK found and valid[0m]
[0m20:21:57.404367 [info ] [MainThread]:   dbt_project.yml file [[31mERROR not found[0m]
[0m20:21:57.404547 [info ] [MainThread]: Required dependencies:
[0m20:21:57.404782 [debug] [MainThread]: Executing "git --help"
[0m20:21:57.425006 [debug] [MainThread]: STDOUT: "b"usage: git [-v | --version] [-h | --help] [-C <path>] [-c <name>=<value>]\n           [--exec-path[=<path>]] [--html-path] [--man-path] [--info-path]\n           [-p | --paginate | -P | --no-pager] [--no-replace-objects] [--no-lazy-fetch]\n           [--no-optional-locks] [--no-advice] [--bare] [--git-dir=<path>]\n           [--work-tree=<path>] [--namespace=<name>] [--config-env=<name>=<envvar>]\n           <command> [<args>]\n\nThese are common Git commands used in various situations:\n\nstart a working area (see also: git help tutorial)\n   clone      Clone a repository into a new directory\n   init       Create an empty Git repository or reinitialize an existing one\n\nwork on the current change (see also: git help everyday)\n   add        Add file contents to the index\n   mv         Move or rename a file, a directory, or a symlink\n   restore    Restore working tree files\n   rm         Remove files from the working tree and from the index\n\nexamine the history and state (see also: git help revisions)\n   bisect     Use binary search to find the commit that introduced a bug\n   diff       Show changes between commits, commit and working tree, etc\n   grep       Print lines matching a pattern\n   log        Show commit logs\n   show       Show various types of objects\n   status     Show the working tree status\n\ngrow, mark and tweak your common history\n   backfill   Download missing objects in a partial clone\n   branch     List, create, or delete branches\n   commit     Record changes to the repository\n   merge      Join two or more development histories together\n   rebase     Reapply commits on top of another base tip\n   reset      Reset current HEAD to the specified state\n   switch     Switch branches\n   tag        Create, list, delete or verify a tag object signed with GPG\n\ncollaborate (see also: git help workflows)\n   fetch      Download objects and refs from another repository\n   pull       Fetch from and integrate with another repository or a local branch\n   push       Update remote refs along with associated objects\n\n'git help -a' and 'git help -g' list available subcommands and some\nconcept guides. See 'git help <command>' or 'git help <concept>'\nto read about a specific subcommand or concept.\nSee 'git help git' for an overview of the system.\n""
[0m20:21:57.425850 [debug] [MainThread]: STDERR: "b''"
[0m20:21:57.426152 [info ] [MainThread]:  - git [[32mOK found[0m]

[0m20:21:57.426422 [info ] [MainThread]: Connection:
[0m20:21:57.426710 [info ] [MainThread]:   host: localhost
[0m20:21:57.426906 [info ] [MainThread]:   port: 5432
[0m20:21:57.427088 [info ] [MainThread]:   user: aq_user
[0m20:21:57.427270 [info ] [MainThread]:   database: air_quality
[0m20:21:57.427452 [info ] [MainThread]:   schema: public
[0m20:21:57.427631 [info ] [MainThread]:   connect_timeout: 10
[0m20:21:57.427809 [info ] [MainThread]:   role: None
[0m20:21:57.427985 [info ] [MainThread]:   search_path: None
[0m20:21:57.428168 [info ] [MainThread]:   keepalives_idle: 0
[0m20:21:57.428343 [info ] [MainThread]:   sslmode: None
[0m20:21:57.428522 [info ] [MainThread]:   sslcert: None
[0m20:21:57.428694 [info ] [MainThread]:   sslkey: None
[0m20:21:57.428885 [info ] [MainThread]:   sslrootcert: None
[0m20:21:57.429061 [info ] [MainThread]:   application_name: dbt
[0m20:21:57.429233 [info ] [MainThread]:   retries: 1
[0m20:21:57.429668 [info ] [MainThread]: Registered adapter: postgres=1.8.2
[0m20:21:57.538368 [debug] [MainThread]: Acquiring new postgres connection 'debug'
[0m20:21:57.579814 [debug] [MainThread]: Using postgres connection "debug"
[0m20:21:57.580174 [debug] [MainThread]: On debug: select 1 as id
[0m20:21:57.580402 [debug] [MainThread]: Opening a new connection, currently in state init
[0m20:21:57.997307 [debug] [MainThread]: SQL status: SELECT 1 in 0.417 seconds
[0m20:21:57.998216 [debug] [MainThread]: On debug: Close
[0m20:21:57.998516 [info ] [MainThread]:   Connection test: [[32mOK connection ok[0m]

[0m20:21:57.998786 [info ] [MainThread]: [31m1 check failed:[0m
[0m20:21:57.999004 [info ] [MainThread]: Project loading failed for the following reason:
 project path </Users/a.ba1bulatov/Desktop/golemio-project/dbt_project.yml> not found

[0m20:21:58.003015 [debug] [MainThread]: Resource report: {"command_name": "debug", "command_wall_clock_time": 0.73333806, "process_user_time": 1.059419, "process_kernel_time": 0.296801, "process_mem_max_rss": "121700352", "command_success": false, "process_in_blocks": "0", "process_out_blocks": "0"}
[0m20:21:58.003538 [debug] [MainThread]: Command `dbt debug` failed at 20:21:58.003448 after 0.73 seconds
[0m20:21:58.003846 [debug] [MainThread]: Connection 'debug' was properly closed.
[0m20:21:58.004204 [debug] [MainThread]: Sending event: {'category': 'dbt', 'action': 'invocation', 'label': 'end', 'context': [<snowplow_tracker.self_describing_json.SelfDescribingJson object at 0x1044887d0>, <snowplow_tracker.self_describing_json.SelfDescribingJson object at 0x110ec6710>, <snowplow_tracker.self_describing_json.SelfDescribingJson object at 0x111781890>]}
[0m20:21:58.004937 [debug] [MainThread]: Flushing usage events
